// Jest Snapshot v1, https://jestjs.io/docs/snapshot-testing

exports[`<UserNode/> should render correctly 1`] = `
<DocumentFragment>
  <div
    data-testid="user-node-container"
  >
    <div
      class="user-container"
    >
      <button
        aria-label="Expand"
        class="toggle"
        data-testid="toggle"
      >
        <strong>
          -
        </strong>
      </button>
      <div
        class="user-badge"
      >
        JS
      </div>
      <div
        class="user-details"
      >
        <div>
          John Smith
        </div>
        <div>
           john.smith@xtreet.tvl
        </div>
      </div>
    </div>
  </div>
</DocumentFragment>
`;
