// Jest Snapshot v1, https://jestjs.io/docs/snapshot-testing

exports[`<NotFound/> should render correctly 1`] = `
<DocumentFragment>
  <div
    data-testid="not-found-container"
  >
    <h1>
       Oops! The page you're looking for doesn't exist.
    </h1>
    <button
      data-testid="home-btn"
    >
      Back to Home
    </button>
  </div>
</DocumentFragment>
`;
